// Jest Snapshot v1, https://goo.gl/fbAQLP

exports[`Header renders correctly 1`] = `
<div
  className="header-div"
>
  <div
    className="mx-auto divider"
  />
  <h1 />
  <div
    className="mx-auto divider"
  />
</div>
`;
